npm warn Unknown project config "node-linker". This will stop working in the next major version of npm. See `npm help npmrc` for supported config options.
src/app/api/orders/[id]/start/route.ts(51,16): error TS2304: Cannot find name 'forbiddenResponse'.
src/app/api/recommendations/[id]/accept/route.ts(48,14): error TS2304: Cannot find name 'forbiddenResponse'.
src/app/api/recommendations/[id]/route.ts(14,12): error TS2304: Cannot find name 'forbiddenResponse'.
src/app/api/workers/[id]/approve/route.ts(12,40): error TS2304: Cannot find name 'forbiddenResponse'.
src/app/api/workers/[id]/reject/route.ts(12,40): error TS2304: Cannot find name 'forbiddenResponse'.
src/app/api/workers/[id]/share/route.ts(9,25): error TS2552: Cannot find name 'checkPermission'. Did you mean 'Permissions'?
