test-output  
