🚀 家政共创平台 API 自动化测试套件 v3.2
🌐 测试环境: https://szjfp-273464-5-1426505363.sh.run.tcloudbase.com
════════════════════════════════════════════════════════════

📦 预检...
✅     ✅1 ❌0 ⏭️0

📦 冒烟测试...
✅✅✅✅✅✅✅✅     ✅8 ❌0 ⏭️0

📦 管理员功能...
✅✅✅✅✅✅✅✅✅✅✅✅✅✅✅✅✅✅✅✅✅✅✅     ✅23 ❌0 ⏭️0

📦 经纪人功能...
✅✅✅✅❌✅✅     ✅6 ❌1 ⏭️0

📦 招生代理功能...
✅✅✅✅✅✅✅✅✅     ✅9 ❌0 ⏭️0

📦 讲师功能...
✅✅✅✅✅✅     ✅6 ❌0 ⏭️0

📦 培训主管功能...
✅✅✅✅✅✅✅✅✅✅     ✅10 ❌0 ⏭️0

📦 阿姨移动端...
✅✅✅✅✅✅     ✅6 ❌0 ⏭️0

📦 客户端...
✅✅✅     ✅3 ❌0 ⏭️0

📦 2.3 新功能专项...
✅✅✅✅✅✅✅✅✅❌     ✅9 ❌1 ⏭️0

📦 端到端流程...
✅✅✅✅     ✅4 ❌0 ⏭️0

📦 BUG 回归...
✅❌✅✅✅✅✅❌     ✅6 ❌2 ⏭️0

📦 页面巡检...
✅✅✅✅✅✅✅✅✅✅✅✅✅✅✅✅✅✅❌✅     ✅19 ❌1 ⏭️0


📄 报告已生成: reports/autotest_report_2026-06-24T06-00-30.md
📊 数据已保存: reports/autotest_data_2026-06-24T06-00-30.json

════════════════════════════════════════════════════════════
📊 总计: 115项 | ✅110 ❌5 ⏭️0
