🚀 家政共创平台 API 自动化测试套件 v3.2
🌐 测试环境: https://szjfp-273464-5-1426505363.sh.run.tcloudbase.com
════════════════════════════════════════════════════════════

📦 预检...
✅     ✅1 ❌0 ⏭️0

📦 冒烟测试...
✅✅✅✅✅✅✅✅     ✅8 ❌0 ⏭️0

📦 管理员功能...
✅✅✅✅✅✅✅✅✅✅✅✅✅✅✅✅✅✅✅✅✅✅✅     ✅23 ❌0 ⏭️0

📦 经纪人功能...
✅✅✅✅✅✅✅     ✅7 ❌0 ⏭️0

📦 招生代理功能...
✅✅✅✅✅✅✅✅✅     ✅9 ❌0 ⏭️0

📦 讲师功能...
✅✅✅✅✅✅     ✅6 ❌0 ⏭️0

📦 培训主管功能...
✅✅✅✅✅✅✅✅✅✅     ✅10 ❌0 ⏭️0

📦 阿姨移动端...
✅✅✅✅✅✅     ✅6 ❌0 ⏭️0

📦 客户端...
✅✅✅     ✅3 ❌0 ⏭️0

📦 2.3 新功能专项...
✅✅✅✅✅✅✅✅✅✅     ✅10 ❌0 ⏭️0

📦 端到端流程...
✅✅✅✅     ✅4 ❌0 ⏭️0

📦 BUG 回归...
✅✅✅✅✅✅✅✅     ✅8 ❌0 ⏭️0

📦 页面巡检...
✅✅✅✅✅✅✅✅✅✅✅✅✅✅✅✅✅✅✅✅✅✅✅✅✅✅✅✅✅✅✅✅✅✅✅✅✅✅✅✅✅✅✅✅✅✅✅✅✅✅✅✅✅✅✅✅✅✅✅✅✅✅✅✅✅✅✅✅✅✅✅     ✅71 ❌0 ⏭️0


📄 报告已生成: reports/autotest_report_2026-06-24T10-51-45.md
📊 数据已保存: reports/autotest_data_2026-06-24T10-51-45.json

════════════════════════════════════════════════════════════
📊 总计: 166项 | ✅166 ❌0 ⏭️0
